// Jest Snapshot v1, https://goo.gl/fbAQLP

exports[`renders correctly 1`] = `
<div>
  <div
    class="container grid gap-4 grid-cols-1 grid-rows-page min-h-screen text-center"
  >
    <header
      class="invisible h-0"
    >
      <h1
        class="space-y-32 leading-loose  first-of-type:mt-0 mt-32 mb-4 mx-auto font-sans text-3xl lg:text-4xl xl:text-5xl font-normal uppercase"
      >
        <a
          href="/"
        >
          Andrew and Hannah
        </a>
      </h1>
    </header>
    <nav
      class=""
    >
      <ul
        class="inline-flex flex-row uppercase space-x-4"
      >
        <li
          class="mx-auto max-w-prose font-sans text-sm lg:text-base font-normal"
        >
          <a
            href="/"
          >
            Home
          </a>
        </li>
        <li
          class="mx-auto max-w-prose font-sans text-sm lg:text-base font-normal"
        >
          <a
            href="/wedding"
          >
            Wedding
          </a>
        </li>
        <li
          class="mx-auto max-w-prose font-sans text-sm lg:text-base font-normal"
        >
          <a
            href="/travel-and-stay"
          >
            Travel & stay
          </a>
        </li>
        <li
          class="mx-auto max-w-prose font-sans text-sm lg:text-base font-normal"
        >
          <a
            href="/rsvp"
          >
            RSVP
          </a>
        </li>
      </ul>
    </nav>
    <main
      class="mb-12 mx-4 opacity-0 animate-load lg:mb-16 xl:mb-24"
    >
      <div
        class="mb-12 lg:mb-16 xl:mb-24"
      >
        <h1
          class="space-y-32 leading-loose  first-of-type:mt-8 mt-32 mb-4 mx-auto font-sans text-4xl lg:text-6xl xl:text-7xl font-normal uppercase"
        >
          The quick brown fox jumps over the lazy dog
        </h1>
      </div>
      <p>
        Foo
      </p>
    </main>
    <footer
      class="mb-12"
    >
      <p
        class="mx-auto max-w-prose font-sans text-sm lg:text-base font-normal"
      >
        Andrew and Hannah — 
        <time
          datetime="2021-10-09"
        >
          9/10/21
        </time>
         — Nancarrow Farm
      </p>
    </footer>
  </div>
</div>
`;
